****************************************************************************************************                    
**          MIDAS/Gen V9.6.0 - Modeling, Integrated Design & Analysis Software                    **                    
**                         GENERAL STRUCTURE DESIGN SYSTEM FOR WINDOWS                            **                    
****************************************************************************************************                    
                                                                                                                        
                                   ....xxxxxxxx*********xxxxxxxx......                                                  
                               xXXXXXX***''               ```***XXXXXXXXXXx.                                            
                           XXXXXXX                                   ``*XXXXXXXx.                                       
         XXXXXXXXXX      XXXXXXX XX                                        `*XXXXXX.                                    
         XXXXXXXXXXX    XXXXXX XXXX                                           `*XXXXX                                   
         XXXXXXXXXXXX  XXXXXX XXXXX  XXXXX  XXXXXXXXXXx        XXXXX      .XXXX.`XXXXX                                  
         XXXXXXXXXXXX::XXXXX XXXXXX  XXXXX  XXXXXXXXXXXX      XXXXXXX    :XXXXXX: XXXXX                                 
         XXXXXX XXXXX XXXXX: XXXXXX  XXXXX  XXXXX   xXXXX    :XXXXXXX:   XXXX:     XXXXX                                
         XXXXXX  XXXX XXXXX  XXXXXX  XXXXX  XXXXX    XXXXX  :XXXX:XXXX   XXXXXXXXX:                                     
         XXXXXX  XXX XXXXX:  XXXXXX  XXXXX  XXXXX    :XXXX  XXXXX XXXXX   :XXXXXXXXXX                                   
         XXXXXX  :XX XXXXX   XXXXXX  XXXXX  XXXXX    :XXXX :XXXX: :XXXX:    `:XXXXXXXX:                                 
         XXXXXX   XX XXXXX   XXXXXX  XXXXX  XXXXX    XXXXX XXXXX   XXXXX XXXX     XXXXX                                 
         XXXXXX   XX XXXXX   XXXXXX  XXXXX  XXXXX   xXXXX XXXXX:   :XXXXX:XXXX   .XXXX                                  
         XXXXXX   :XXXXXXX   XXXXXX  XXXXX  XXXXXXXXXXXX :XXXX:     XXXXX XXXXXXXXXXX:                                  
         XXXXXX    XXXXXXX   XXXXXX  XXXXX  XXXXXXXXXXx  XXXXX      :XXXXX `XXXXXXX'     /GEN                           
                                                                                                                        
         ----------------------- PC WINDOWS 7/8/10/11  VERSION. V9.6.0 ---------------------                            
                                                                                                                        
                 Copyright (C) SINCE 1989 MIDAS Information Technology Co., Ltd.                                        
                           ALL RIGHTS RESERVED MIDAS IT Co., Ltd.                                                       
                                                                                                                        
****************************************************************************************************                    
  
  
 -----------------------------------------S T A R T I N G       S O L U T I O N

 MULTI-FRONTAL SOLVER
 AVAILABLE MEMORY =   13.0 GBYTES

 INTERNAL DATA REGENERATION ( ENTRY REGEN_MODEL )

**  MIDAS/Gen WINDOWS VERSION 9.6.0                                  DATE JAN/26/2026  TIME 14:13:59
**  Modeling, Integrated Design & Analysis Software                 PC WINDOWS 7/8/10/11 VERSION  **
====================================================================================================
  
  
 N U M B E R I N G   E Q U A T I O N
 ===================================


 INFORMATION FOR EQUATION NUMBER
 -------------------------------

  SERIAL   NODE          EQUATION NUMBERS FOR EACH DEGREE OF FREEDOM
    NO.     NO.         X       Y        Z        XX       YY       ZZ
 -------  -------   -------- -------- -------- -------- -------- --------
      1        2           1        2        3        4        5        6
      2        4           7        8        9       10       11       12
      3        5          13       14       15       16       17       18
      4        7          19       20       21       22       23       24
      5        8          25       26       27       28       29       30
      6       11          31       32       33       34       35       36
      7       12          37       38       39       40       41       42
      8       13          43       44       45       46       47       48
      9       14          49       50       51       52       53       54
     10       15          55       56       57       58       59       60
     11       18          61       62       63       64       65       66
     12       19          67       68       69       70       71       72
     13       20          73       74       75       76       77       78
     14       21          79       80       81       82       83       84
     15       22          85       86       87       88       89       90
     16       25          91       92       93       94       95       96
     17       26          97       98       99      100      101      102
     18       27         103      104      105      106      107      108
     19       28         109      110      111      112      113      114
     20       29         115      116      117      118      119      120
     21       32         121      122      123      124      125      126
     22       33         127      128      129      130      131      132
     23       34         133      134      135      136      137      138
     24       35         139      140      141      142      143      144
     25       36         145      146      147      148      149      150
     26       39         151      152      153      154      155      156
     27       40         157      158      159      160      161      162
     28       41         163      164      165      166      167      168
     29       42         169      170      171      172      173      174
     30       43         175      176      177      178      179      180
     31       44         181      182      183      184      185      186
     32       45         187      188      189      190      191      192
     33       46         193      194      195      196      197      198
     34       47         199      200      201      202      203      204
     35       48         205      206      207      208      209      210
     36       49         211      212      213      214      215      216
     37       50         217      218      219      220      221      222
     38       51         223      224      225      226      227      228
     39       52         229      230      231      232      233      234
     40       53         235      236      237      238      239      240
     41       54         241      242      243      244      245      246
     42       55         247      248      249      250      251      252
     43       56         253      254      255      256      257      258
     44       57         259      260      261      262      263      264
     45       58         265      266      267      268      269      270
     46       59         271      272      273      274      275      276
     47       60         277      278      279      280      281      282
     48       61         283      284      285      286      287      288
     49       62         289      290      291      292      293      294
     50       63         295      296      297      298      299      300
     51       64         301      302      303      304      305      306
     52       65         307      308      309      310      311      312
     53       66         313      314      315      316      317      318
     54       67         319      320      321      322      323      324
     55       68         325      326      327      328      329      330
     56       69         331      332      333      334      335      336
     57       70         337      338      339      340      341      342
     58       71         343      344      345      346      347      348
     59       72         349      350      351      352      353      354
     60       73         355      356      357      358      359      360
     61       74         361      362      363      364      365      366
     62       75         367      368      369      370      371      372
     63       76         373      374      375      376      377      378
     64       77         379      380      381      382      383      384
     65       78         385      386      387      388      389      390
     66       79         391      392      393      394      395      396
     67       80         397      398      399      400      401      402
     68       81         403      404      405      406      407      408
     69       82         409      410      411      412      413      414
     70       83         415      416      417      418      419      420
     71       84         421      422      423      424      425      426
     72       85         427      428      429      430      431      432
     73       86         433      434      435      436      437      438
     74       87         439      440      441      442      443      444
     75       88         445      446      447      448      449      450
     76       89         451      452      453      454      455      456
     77       90         457      458      459      460      461      462
     78       91         463      464      465      466      467      468
     79       92         469      470      471      472      473      474
     80       93         475      476      477      478      479      480
     81       94         481      482      483      484      485      486
     82       95         487      488      489      490      491      492
     83       96         493      494      495      496      497      498
     84       97         499      500      501      502      503      504
     85       98         505      506      507      508      509      510
     86       99         511      512      513      514      515      516
     87      100         517      518      519      520      521      522
     88      101         523      524      525      526      527      528
     89      102         529      530      531      532      533      534
     90      103         535      536      537      538      539      540
     91      104         541      542      543      544      545      546
     92      105         547      548      549      550      551      552
     93      106         553      554      555      556      557      558
     94      107         559      560      561      562      563      564
     95      114           0        0        0        0        0        0
     96      115           0        0        0        0        0        0
     97      116           0        0        0        0        0        0
     98      117           0        0        0        0        0        0
     99      118           0        0        0        0        0        0
    100      119           0        0        0        0        0        0
    101      120         565      566      567      568      569      570
    102      121         571      572      573      574      575      576
    103      122         577      578      579      580      581      582
    104      123         583      584      585      586      587      588
    105      124         589      590      591      592      593      594
    106      125         595      596      597      598      599      600
    107      126         601      602      603      604      605      606
    108      127         607      608      609      610      611      612
    109      128         613      614      615      616      617      618
    110      129         619      620      621      622      623      624
    111      130         625      626      627      628      629      630
    112      131         631      632      633      634      635      636




 EQUATION STATUS
 ---------------

 TOTAL NUMBER OF VALID DOFS IN MODEL ..........:     636
 NUMBER OF EQUATIONS IN A BLOCK ...............:     636
 NUMBER OF BLOCKS .............................:       1
 NUMBER OF INTERNAL LOADCASES .................:       8

**  MIDAS/Gen WINDOWS VERSION 9.6.0                                  DATE JAN/26/2026  TIME 14:13:59
**  Modeling, Integrated Design & Analysis Software                 PC WINDOWS 7/8/10/11 VERSION  **
====================================================================================================
  
  


 S E T U P   E Q U A T I O N   P R O F I L E
 ===========================================


 THE TOTAL WEIGHT OF MODEL
 -------------------------

 TOTAL WEIGHT ...........:  5.22183E+01   KN  


 THE CENTER OF GRAVITY OF FINITE ELEMENT MODEL 
 ---------------------------------------------

 X-COORDINATE OF C.G ....:  7.71313E-02   M   
 Y-COORDINATE OF C.G ....:  1.31399E+01   M   
 Z-COORDINATE OF C.G ....:  2.32877E+00   M   

 STATIC ANALYSIS TIME LOG ( IN SECOND )
 --------------------------------------
 MULTI-FRONTAL SOLUTION .....................:     0.03
 DISPLACEMENT OUTPUT ........................:     0.02
 STRESS OUTPUT ..............................:     0.05
 TOTAL SOLUTION TIME (SUM OF THE ABOVE) .....:     0.12


**  MIDAS/Gen WINDOWS VERSION 9.6.0                                  DATE JAN/26/2026  TIME 14:13:59
**  Modeling, Integrated Design & Analysis Software                 PC WINDOWS 7/8/10/11 VERSION  **
====================================================================================================
  
  


 =========================================================
 ** O V E R A L L   T I M E   L O G   I N   S E C O N D **
 =========================================================

  - INPUT DATA READING AND GENERATION ..........:     0.00
  - FORM ELEMENT STIFFNESS MATRICES ............:     0.01
  - FORM GLOBAL LOAD VECTOR ....................:     0.10
  - FORM TOTAL STIFFNESS MATRICES ..............:     0.04
  - P-DELTA ANALYSIS ...........................:     0.00
  - STATIC ANALYSIS ............................:     0.12
  - MOVING LOAD ANALYSIS .......................:     0.00
  - SETTLEMENT ANALYSIS ........................:     0.00
  - EIGENVALUE EXTRACTION ......................:     0.00
  - RESPONSE SPECTRUM ANALYSIS .................:     0.00
  - TIME HISTORY ANALYSIS ......................:     0.00
  - PRINT DYNAMIC INFORMATION OUTPUT ...........:     0.16
  - TOTAL ELAPSED TIME .........................:     0.43
